2025-10-24 00:51:36,838 - INFO - Starting debug script...
2025-10-24 00:51:36,838 - INFO - Testing Supabase connection...
2025-10-24 00:51:38,794 - ERROR - Supabase connection failed. Error: {'code': 'PGRST205', 'details': None, 'hint': None, 'message': "Could not find the table 'public.auth.users' in the schema cache"}
2025-10-24 00:51:38,795 - INFO - Testing /api/auth/register endpoint...
2025-10-24 00:51:40,957 - INFO - API Response Status: 422
2025-10-24 00:51:40,959 - INFO - API Response Body: {"detail":[{"type":"missing","loc":["body","username"],"msg":"Field required","input":{"email":"testuser@example.com","password":"securepassword"}}]}
2025-10-24 00:51:40,959 - ERROR - API test failed with status code 422
2025-10-24 00:51:40,960 - INFO - Debug script completed.
2025-10-24 00:52:49,718 - INFO - Starting debug script...
2025-10-24 00:52:49,719 - INFO - Testing Supabase connection...
2025-10-24 00:52:51,519 - INFO - Supabase connection successful. Response: []
2025-10-24 00:52:51,519 - INFO - Testing /api/auth/register endpoint...
2025-10-24 00:52:54,423 - INFO - API Response Status: 500
2025-10-24 00:52:54,425 - INFO - API Response Body: {"detail":"Registration failed: Email address \"testuser@example.com\" is invalid"}
2025-10-24 00:52:54,426 - ERROR - API test failed with status code 500
2025-10-24 00:52:54,427 - INFO - Debug script completed.
2025-10-24 00:54:06,346 - INFO - Starting debug script...
2025-10-24 00:54:06,347 - INFO - Testing Supabase connection...
2025-10-24 00:54:07,960 - INFO - Supabase connection successful. Response: []
2025-10-24 00:54:07,961 - INFO - Testing /api/auth/register endpoint...
2025-10-24 00:54:13,478 - INFO - API Response Status: 500
2025-10-24 00:54:13,479 - INFO - API Response Body: {"detail":"Failed to generate authentication token"}
2025-10-24 00:54:13,480 - ERROR - API test failed with status code 500
2025-10-24 00:54:13,481 - INFO - Debug script completed.
2025-10-24 00:56:31,191 - INFO - Starting debug script...
2025-10-24 00:56:31,192 - INFO - Testing Supabase connection...
2025-10-24 00:56:32,993 - INFO - Supabase connection successful. Response: []
2025-10-24 00:56:32,993 - INFO - Testing /api/auth/register endpoint...
2025-10-24 00:56:39,431 - INFO - API Response Status: 500
2025-10-24 00:56:39,431 - INFO - API Response Body: {"detail":"Registration failed: Email not confirmed"}
2025-10-24 00:56:39,432 - ERROR - API test failed with status code 500
2025-10-24 00:56:39,433 - INFO - Debug script completed.
